
There are no discarded input sections

Memory Configuration

Name             Origin             Length             Attributes
exec_file        0x0000000000000000 0x0000000000100000 r
ram              0x0000000000110000 0x00000000000f0000 xw
*default*        0x0000000000000000 0xffffffffffffffff

Linker script and memory map


.header         0x0000000000000000       0x10
                0x0000000000000000        0x8 QUAD 0x112090 __bss_start
                0x0000000000000008        0x8 QUAD 0x30 (__bss_end - __bss_start)

.body           0x0000000000110000     0x2248 load address 0x0000000000000010
 *(.text)
 .text          0x0000000000110000       0x5a main.o
                0x0000000000110000                start_kernel
 .text          0x000000000011005a      0x182 fbcon.o
                0x000000000011005a                putc
                0x00000000001101a6                puts
 .text          0x00000000001101dc      0x219 fb.o
                0x00000000001101dc                fb_init
                0x000000000011021e                set_fg
                0x0000000000110254                set_bg
                0x000000000011028a                draw_px
                0x00000000001102ed                draw_px_fg
                0x000000000011032c                fill_rect
                0x00000000001103a6                clear_screen
 .text          0x00000000001103f5        0x0 font.o
 *(.rodata)
 .rodata        0x00000000001103f5        0xd main.o
 *fill*         0x0000000000110402       0x1e 
 .rodata        0x0000000000110420     0x1c70 font.o
                0x0000000000110420                font_bitmap
 *(.data)
 .data          0x0000000000112090        0x0 main.o
 .data          0x0000000000112090        0x0 fbcon.o
 .data          0x0000000000112090        0x0 fb.o
 .data          0x0000000000112090        0x0 font.o
                0x0000000000112090                __bss_start = .
 *(.bss)
 .bss           0x0000000000112090        0x0 main.o
 .bss           0x0000000000112090        0x8 fbcon.o
                0x0000000000112090                cursor_x
                0x0000000000112094                cursor_y
 *fill*         0x0000000000112098        0x8 
 .bss           0x00000000001120a0       0x20 fb.o
                0x00000000001120a0                fb
                0x00000000001120b8                color_fg
                0x00000000001120bc                color_bg
 .bss           0x00000000001120c0        0x0 font.o
                0x00000000001120c0                __bss_end = .
 *(.eh_frame)
 .eh_frame      0x00000000001120c0       0x38 main.o
 .eh_frame      0x00000000001120f8       0x58 fbcon.o
 .eh_frame      0x0000000000112150       0xf8 fb.o
LOAD main.o
LOAD fbcon.o
LOAD fb.o
LOAD font.o
OUTPUT(kernel.bin binary)

.comment        0x0000000000000000       0x4c
 .comment       0x0000000000000000       0x13 main.o
 .comment       0x0000000000000013       0x13 fbcon.o
 .comment       0x0000000000000026       0x13 fb.o
 .comment       0x0000000000000039       0x13 font.o
