
There are no discarded input sections

Memory Configuration

Name             Origin             Length             Attributes
exec_file        0x0000000000000000 0x0000000000100000 r
ram              0x0000000000110000 0x00000000000f0000 xw
*default*        0x0000000000000000 0xffffffffffffffff

Linker script and memory map


.header         0x0000000000000000       0x10
                0x0000000000000000        0x8 QUAD 0x11365c __bss_start
                0x0000000000000008        0x8 QUAD 0x2404 (__bss_end - __bss_start)

.body           0x0000000000110000     0x6358 load address 0x0000000000000010
 *(.text)
 .text          0x0000000000110000       0xce main.o
                0x0000000000110000                start_kernel
                0x00000000001100a0                do_taskA
 .text          0x00000000001100ce       0x9f syscall.o
                0x00000000001100ce                do_syscall_interrupt
                0x000000000011014d                syscall_init
 .text          0x000000000011016d       0xf3 iv.o
                0x000000000011016d                view
                0x00000000001101af                iv_init
                0x00000000001101d6                iv_kbc_handler
 .text          0x0000000000110260      0x29a fbcon.o
                0x0000000000110260                putc
                0x00000000001103ac                puts
                0x00000000001103e2                putd
                0x000000000011047e                puth
 .text          0x00000000001104fa      0x219 fb.o
                0x00000000001104fa                fb_init
                0x000000000011053c                set_fg
                0x0000000000110572                set_bg
                0x00000000001105a8                draw_px
                0x000000000011060b                draw_px_fg
                0x000000000011064a                fill_rect
                0x00000000001106c4                clear_screen
 .text          0x0000000000110713        0x0 font.o
 .text          0x0000000000110713       0xba kbc.o
                0x0000000000110713                get_kbc_data
                0x0000000000110738                get_keycode
                0x0000000000110757                getc
                0x000000000011076e                do_kbc_interrupt
                0x00000000001107ad                kbc_init
 .text          0x00000000001107cd       0x97 x86.o
                0x00000000001107cd                enable_cpu_intr
                0x00000000001107d5                cpu_halt
                0x00000000001107dd                io_read
                0x00000000001107f7                io_write
                0x0000000000110812                gdt_init
 .text          0x0000000000110864      0x10f intr.o
                0x0000000000110864                set_intr_desc
                0x0000000000110912                intr_init
 .text          0x0000000000110973      0x129 pic.o
                0x0000000000110973                pic_init
                0x0000000000110a10                enable_pic_intr
                0x0000000000110a6c                set_pic_eoi
 .text          0x0000000000110a9c      0x141 sched.o
                0x0000000000110a9c                do_taskB
                0x0000000000110aca                schedule
                0x0000000000110b25                sched_init
                0x0000000000110bd1                sched_start
 .text          0x0000000000110bdd      0x783 hpet.o
                0x0000000000110bdd                hpet_init
                0x0000000000110cf6                dump_gcidr
                0x0000000000110deb                dump_gcr
                0x0000000000110e6a                dump_mcr
                0x0000000000110ea2                sleep
                0x0000000000110f94                do_hpet_interrupt
                0x0000000000111064                alert
                0x0000000000111166                ptimer_setup
                0x0000000000111239                ptimer_start
                0x00000000001112d4                ptimer_stop
 .text          0x0000000000111360      0x17f acpi.o
                0x0000000000111360                acpi_init
                0x0000000000111395                dump_sdth_sig
                0x00000000001113d3                dump_xsdt
                0x000000000011146b                get_sdt
 .text          0x00000000001114df       0x44 handler.o
                0x00000000001114df                default_handler
                0x00000000001114e1                hpet_handler
                0x00000000001114f9                kbc_handler
                0x000000000011150e                syscall_handler
 .text          0x0000000000111523       0xd7 fs.o
                0x0000000000111523                fs_init
                0x0000000000111539                open
                0x0000000000111599                get_files
 .text          0x00000000001115fa      0x189 common.o
                0x00000000001115fa                strcmp
                0x000000000011168f                strncmp
                0x0000000000111734                memcpy
 .text          0x0000000000111783       0x1d proc.o
                0x0000000000111783                exec
 .text          0x00000000001117a0       0xe6 mem.o
                0x00000000001117a0                dump_memmap
                0x0000000000111823                get_allocatable_area
 *(.rodata)
 .rodata        0x0000000000111886        0x5 main.o
 *fill*         0x000000000011188b       0x15 
 .rodata        0x00000000001118a0     0x1c70 font.o
                0x00000000001118a0                font_bitmap
 *fill*         0x0000000000113510       0x10 
 .rodata        0x0000000000113520       0x80 kbc.o
                0x0000000000113520                keymap
 .rodata        0x00000000001135a0       0x18 x86.o
                0x00000000001135a0                gdt
 .rodata        0x00000000001135b8       0x97 hpet.o
 .rodata        0x000000000011364f        0xd acpi.o
 *(.data)
 .data          0x000000000011365c        0x0 main.o
 .data          0x000000000011365c        0x0 syscall.o
 .data          0x000000000011365c        0x0 iv.o
 .data          0x000000000011365c        0x0 fbcon.o
 .data          0x000000000011365c        0x0 fb.o
 .data          0x000000000011365c        0x0 font.o
 .data          0x000000000011365c        0x0 kbc.o
 .data          0x000000000011365c        0x0 x86.o
 .data          0x000000000011365c        0x0 intr.o
 .data          0x000000000011365c        0x0 pic.o
 .data          0x000000000011365c        0x0 sched.o
 .data          0x000000000011365c        0x0 hpet.o
 .data          0x000000000011365c        0x0 acpi.o
 .data          0x000000000011365c        0x0 handler.o
 .data          0x000000000011365c        0x0 fs.o
 .data          0x000000000011365c        0x0 common.o
 .data          0x000000000011365c        0x0 proc.o
 .data          0x000000000011365c        0x0 mem.o
                0x000000000011365c                __bss_start = .
 *(.bss)
 .bss           0x000000000011365c        0x0 main.o
 .bss           0x000000000011365c        0x0 syscall.o
 *fill*         0x000000000011365c        0x4 
 .bss           0x0000000000113660      0x330 iv.o
                0x0000000000113660                iv_files
                0x0000000000113980                iv_num_files
                0x0000000000113988                iv_idx
 .bss           0x0000000000113990        0x8 fbcon.o
                0x0000000000113990                cursor_x
                0x0000000000113994                cursor_y
 *fill*         0x0000000000113998        0x8 
 .bss           0x00000000001139a0       0x20 fb.o
                0x00000000001139a0                fb
                0x00000000001139b8                color_fg
                0x00000000001139bc                color_bg
 .bss           0x00000000001139c0        0x0 font.o
 .bss           0x00000000001139c0        0x0 kbc.o
 .bss           0x00000000001139c0       0x10 x86.o
                0x00000000001139c0                gdtr
 *fill*         0x00000000001139d0       0x10 
 .bss           0x00000000001139e0     0x1010 intr.o
                0x00000000001139e0                idt
                0x00000000001149e0                idtr
 .bss           0x00000000001149f0        0x0 pic.o
 *fill*         0x00000000001149f0       0x10 
 .bss           0x0000000000114a00     0x1020 sched.o
                0x0000000000114a00                task_sp
                0x0000000000114a10                current_task
                0x0000000000114a20                taskB_stack
 .bss           0x0000000000115a20       0x28 hpet.o
                0x0000000000115a20                reg_base
                0x0000000000115a28                counter_clk_period
                0x0000000000115a30                cmpr_clk_counts
                0x0000000000115a38                is_oneshot
                0x0000000000115a40                user_handler
 .bss           0x0000000000115a48       0x10 acpi.o
                0x0000000000115a48                xsdt
                0x0000000000115a50                num_sdts
 .bss           0x0000000000115a58        0x0 handler.o
 .bss           0x0000000000115a58        0x8 fs.o
                0x0000000000115a58                fs_start
 .bss           0x0000000000115a60        0x0 common.o
 .bss           0x0000000000115a60        0x0 proc.o
 .bss           0x0000000000115a60        0x0 mem.o
                0x0000000000115a60                __bss_end = .
 *(.eh_frame)
 .eh_frame      0x0000000000115a60       0x50 main.o
 .eh_frame      0x0000000000115ab0       0x58 syscall.o
 .eh_frame      0x0000000000115b08       0x78 iv.o
 .eh_frame      0x0000000000115b80       0x98 fbcon.o
 .eh_frame      0x0000000000115c18       0xf8 fb.o
 .eh_frame      0x0000000000115d10       0xb8 kbc.o
 .eh_frame      0x0000000000115dc8       0xb8 x86.o
 .eh_frame      0x0000000000115e80       0x58 intr.o
 .eh_frame      0x0000000000115ed8       0x78 pic.o
 .eh_frame      0x0000000000115f50       0x98 sched.o
 .eh_frame      0x0000000000115fe8      0x158 hpet.o
 .eh_frame      0x0000000000116140       0x98 acpi.o
 .eh_frame      0x00000000001161d8       0x78 fs.o
 .eh_frame      0x0000000000116250       0x78 common.o
 .eh_frame      0x00000000001162c8       0x38 proc.o
 .eh_frame      0x0000000000116300       0x58 mem.o
LOAD main.o
LOAD syscall.o
LOAD iv.o
LOAD fbcon.o
LOAD fb.o
LOAD font.o
LOAD kbc.o
LOAD x86.o
LOAD intr.o
LOAD pic.o
LOAD sched.o
LOAD hpet.o
LOAD acpi.o
LOAD handler.o
LOAD fs.o
LOAD common.o
LOAD proc.o
LOAD mem.o
OUTPUT(../fs/kernel.bin binary)

.comment        0x0000000000000000      0x143
 .comment       0x0000000000000000       0x13 main.o
 .comment       0x0000000000000013       0x13 syscall.o
 .comment       0x0000000000000026       0x13 iv.o
 .comment       0x0000000000000039       0x13 fbcon.o
 .comment       0x000000000000004c       0x13 fb.o
 .comment       0x000000000000005f       0x13 font.o
 .comment       0x0000000000000072       0x13 kbc.o
 .comment       0x0000000000000085       0x13 x86.o
 .comment       0x0000000000000098       0x13 intr.o
 .comment       0x00000000000000ab       0x13 pic.o
 .comment       0x00000000000000be       0x13 sched.o
 .comment       0x00000000000000d1       0x13 hpet.o
 .comment       0x00000000000000e4       0x13 acpi.o
 .comment       0x00000000000000f7       0x13 fs.o
 .comment       0x000000000000010a       0x13 common.o
 .comment       0x000000000000011d       0x13 proc.o
 .comment       0x0000000000000130       0x13 mem.o
