
There are no discarded input sections

Memory Configuration

Name             Origin             Length             Attributes
exec_file        0x0000000000000000 0x0000000000100000 r
ram              0x0000000000110000 0x00000000000f0000 xw
*default*        0x0000000000000000 0xffffffffffffffff

Linker script and memory map


.header         0x0000000000000000       0x10
                0x0000000000000000        0x8 QUAD 0x1137c2 __bss_start
                0x0000000000000008        0x8 QUAD 0x2436 (__bss_end - __bss_start)

.body           0x0000000000110000     0x6530 load address 0x0000000000000010
 *(.text)
 .text          0x0000000000110000       0xff main.o
                0x0000000000110000                start_kernel
                0x00000000001100d1                do_taskA
 .text          0x00000000001100ff       0x9f syscall.o
                0x00000000001100ff                do_syscall_interrupt
                0x000000000011017e                syscall_init
 .text          0x000000000011019e       0xf3 iv.o
                0x000000000011019e                view
                0x00000000001101e0                iv_init
                0x0000000000110207                iv_kbc_handler
 .text          0x0000000000110291      0x29a fbcon.o
                0x0000000000110291                putc
                0x00000000001103dd                puts
                0x0000000000110413                putd
                0x00000000001104af                puth
 .text          0x000000000011052b      0x219 fb.o
                0x000000000011052b                fb_init
                0x000000000011056d                set_fg
                0x00000000001105a3                set_bg
                0x00000000001105d9                draw_px
                0x000000000011063c                draw_px_fg
                0x000000000011067b                fill_rect
                0x00000000001106f5                clear_screen
 .text          0x0000000000110744        0x0 font.o
 .text          0x0000000000110744       0xba kbc.o
                0x0000000000110744                get_kbc_data
                0x0000000000110769                get_keycode
                0x0000000000110788                getc
                0x000000000011079f                do_kbc_interrupt
                0x00000000001107de                kbc_init
 .text          0x00000000001107fe       0x97 x86.o
                0x00000000001107fe                enable_cpu_intr
                0x0000000000110806                cpu_halt
                0x000000000011080e                io_read
                0x0000000000110828                io_write
                0x0000000000110843                gdt_init
 .text          0x0000000000110895      0x10f intr.o
                0x0000000000110895                set_intr_desc
                0x0000000000110943                intr_init
 .text          0x00000000001109a4      0x129 pic.o
                0x00000000001109a4                pic_init
                0x0000000000110a41                enable_pic_intr
                0x0000000000110a9d                set_pic_eoi
 .text          0x0000000000110acd      0x141 sched.o
                0x0000000000110acd                do_taskB
                0x0000000000110afb                schedule
                0x0000000000110b56                sched_init
                0x0000000000110c02                sched_start
 .text          0x0000000000110c0e      0x783 hpet.o
                0x0000000000110c0e                hpet_init
                0x0000000000110d27                dump_gcidr
                0x0000000000110e1c                dump_gcr
                0x0000000000110e9b                dump_mcr
                0x0000000000110ed3                sleep
                0x0000000000110fc5                do_hpet_interrupt
                0x0000000000111095                alert
                0x0000000000111197                ptimer_setup
                0x000000000011126a                ptimer_start
                0x0000000000111305                ptimer_stop
 .text          0x0000000000111391      0x17f acpi.o
                0x0000000000111391                acpi_init
                0x00000000001113c6                dump_sdth_sig
                0x0000000000111404                dump_xsdt
                0x000000000011149c                get_sdt
 .text          0x0000000000111510       0x44 handler.o
                0x0000000000111510                default_handler
                0x0000000000111512                hpet_handler
                0x000000000011152a                kbc_handler
                0x000000000011153f                syscall_handler
 .text          0x0000000000111554       0xd7 fs.o
                0x0000000000111554                fs_init
                0x000000000011156a                open
                0x00000000001115ca                get_files
 .text          0x000000000011162b      0x189 common.o
                0x000000000011162b                strcmp
                0x00000000001116c0                strncmp
                0x0000000000111765                memcpy
 .text          0x00000000001117b4       0x1d proc.o
                0x00000000001117b4                exec
 .text          0x00000000001117d1      0x1f6 mem.o
                0x00000000001117d1                mem_init
                0x000000000011188b                alloc_pages
                0x00000000001118eb                dump_memmap
                0x0000000000111964                get_allocatable_area
 *(.rodata)
 .rodata        0x00000000001119c7        0x5 main.o
 *fill*         0x00000000001119cc       0x14 
 .rodata        0x00000000001119e0     0x1c70 font.o
                0x00000000001119e0                font_bitmap
 *fill*         0x0000000000113650       0x10 
 .rodata        0x0000000000113660       0x80 kbc.o
                0x0000000000113660                keymap
 .rodata        0x00000000001136e0       0x18 x86.o
                0x00000000001136e0                gdt
 .rodata        0x00000000001136f8       0x97 hpet.o
 .rodata        0x000000000011378f        0xd acpi.o
 .rodata        0x000000000011379c       0x26 mem.o
 *(.data)
 .data          0x00000000001137c2        0x0 main.o
 .data          0x00000000001137c2        0x0 syscall.o
 .data          0x00000000001137c2        0x0 iv.o
 .data          0x00000000001137c2        0x0 fbcon.o
 .data          0x00000000001137c2        0x0 fb.o
 .data          0x00000000001137c2        0x0 font.o
 .data          0x00000000001137c2        0x0 kbc.o
 .data          0x00000000001137c2        0x0 x86.o
 .data          0x00000000001137c2        0x0 intr.o
 .data          0x00000000001137c2        0x0 pic.o
 .data          0x00000000001137c2        0x0 sched.o
 .data          0x00000000001137c2        0x0 hpet.o
 .data          0x00000000001137c2        0x0 acpi.o
 .data          0x00000000001137c2        0x0 handler.o
 .data          0x00000000001137c2        0x0 fs.o
 .data          0x00000000001137c2        0x0 common.o
 .data          0x00000000001137c2        0x0 proc.o
 .data          0x00000000001137c2        0x0 mem.o
                0x00000000001137c2                __bss_start = .
 *(.bss)
 .bss           0x00000000001137c2        0x0 main.o
 .bss           0x00000000001137c2        0x0 syscall.o
 *fill*         0x00000000001137c2       0x1e 
 .bss           0x00000000001137e0      0x330 iv.o
                0x00000000001137e0                iv_files
                0x0000000000113b00                iv_num_files
                0x0000000000113b08                iv_idx
 .bss           0x0000000000113b10        0x8 fbcon.o
                0x0000000000113b10                cursor_x
                0x0000000000113b14                cursor_y
 *fill*         0x0000000000113b18        0x8 
 .bss           0x0000000000113b20       0x20 fb.o
                0x0000000000113b20                fb
                0x0000000000113b38                color_fg
                0x0000000000113b3c                color_bg
 .bss           0x0000000000113b40        0x0 font.o
 .bss           0x0000000000113b40        0x0 kbc.o
 .bss           0x0000000000113b40       0x10 x86.o
                0x0000000000113b40                gdtr
 *fill*         0x0000000000113b50       0x10 
 .bss           0x0000000000113b60     0x1010 intr.o
                0x0000000000113b60                idt
                0x0000000000114b60                idtr
 .bss           0x0000000000114b70        0x0 pic.o
 *fill*         0x0000000000114b70       0x10 
 .bss           0x0000000000114b80     0x1020 sched.o
                0x0000000000114b80                task_sp
                0x0000000000114b90                current_task
                0x0000000000114ba0                taskB_stack
 .bss           0x0000000000115ba0       0x28 hpet.o
                0x0000000000115ba0                reg_base
                0x0000000000115ba8                counter_clk_period
                0x0000000000115bb0                cmpr_clk_counts
                0x0000000000115bb8                is_oneshot
                0x0000000000115bc0                user_handler
 .bss           0x0000000000115bc8       0x10 acpi.o
                0x0000000000115bc8                xsdt
                0x0000000000115bd0                num_sdts
 .bss           0x0000000000115bd8        0x0 handler.o
 .bss           0x0000000000115bd8        0x8 fs.o
                0x0000000000115bd8                fs_start
 .bss           0x0000000000115be0        0x0 common.o
 .bss           0x0000000000115be0        0x0 proc.o
 .bss           0x0000000000115be0       0x18 mem.o
                0x0000000000115be0                cur_size
                0x0000000000115be8                page_cnt
                0x0000000000115bf0                physical_start
                0x0000000000115bf8                __bss_end = .
 *(.eh_frame)
 .eh_frame      0x0000000000115bf8       0x50 main.o
 .eh_frame      0x0000000000115c48       0x58 syscall.o
 .eh_frame      0x0000000000115ca0       0x78 iv.o
 .eh_frame      0x0000000000115d18       0x98 fbcon.o
 .eh_frame      0x0000000000115db0       0xf8 fb.o
 .eh_frame      0x0000000000115ea8       0xb8 kbc.o
 .eh_frame      0x0000000000115f60       0xb8 x86.o
 .eh_frame      0x0000000000116018       0x58 intr.o
 .eh_frame      0x0000000000116070       0x78 pic.o
 .eh_frame      0x00000000001160e8       0x98 sched.o
 .eh_frame      0x0000000000116180      0x158 hpet.o
 .eh_frame      0x00000000001162d8       0x98 acpi.o
 .eh_frame      0x0000000000116370       0x78 fs.o
 .eh_frame      0x00000000001163e8       0x78 common.o
 .eh_frame      0x0000000000116460       0x38 proc.o
 .eh_frame      0x0000000000116498       0x98 mem.o
LOAD main.o
LOAD syscall.o
LOAD iv.o
LOAD fbcon.o
LOAD fb.o
LOAD font.o
LOAD kbc.o
LOAD x86.o
LOAD intr.o
LOAD pic.o
LOAD sched.o
LOAD hpet.o
LOAD acpi.o
LOAD handler.o
LOAD fs.o
LOAD common.o
LOAD proc.o
LOAD mem.o
OUTPUT(../fs/kernel.bin binary)

.comment        0x0000000000000000      0x143
 .comment       0x0000000000000000       0x13 main.o
 .comment       0x0000000000000013       0x13 syscall.o
 .comment       0x0000000000000026       0x13 iv.o
 .comment       0x0000000000000039       0x13 fbcon.o
 .comment       0x000000000000004c       0x13 fb.o
 .comment       0x000000000000005f       0x13 font.o
 .comment       0x0000000000000072       0x13 kbc.o
 .comment       0x0000000000000085       0x13 x86.o
 .comment       0x0000000000000098       0x13 intr.o
 .comment       0x00000000000000ab       0x13 pic.o
 .comment       0x00000000000000be       0x13 sched.o
 .comment       0x00000000000000d1       0x13 hpet.o
 .comment       0x00000000000000e4       0x13 acpi.o
 .comment       0x00000000000000f7       0x13 fs.o
 .comment       0x000000000000010a       0x13 common.o
 .comment       0x000000000000011d       0x13 proc.o
 .comment       0x0000000000000130       0x13 mem.o
