
There are no discarded input sections

Memory Configuration

Name             Origin             Length             Attributes
exec_file        0x0000000000000000 0x0000000000100000 r
ram              0x0000000000110000 0x00000000000f0000 xw
*default*        0x0000000000000000 0xffffffffffffffff

Linker script and memory map


.header         0x0000000000000000       0x10
                0x0000000000000000        0x8 QUAD 0x11394c __bss_start
                0x0000000000000008        0x8 QUAD 0x242c (__bss_end - __bss_start)

.body           0x0000000000110000     0x66d0 load address 0x0000000000000010
 *(.text)
 .text          0x0000000000110000      0x197 main.o
                0x0000000000110000                start_kernel
                0x0000000000110169                do_taskA
 .text          0x0000000000110197       0x9f syscall.o
                0x0000000000110197                do_syscall_interrupt
                0x0000000000110216                syscall_init
 .text          0x0000000000110236       0xf3 iv.o
                0x0000000000110236                view
                0x0000000000110278                iv_init
                0x000000000011029f                iv_kbc_handler
 .text          0x0000000000110329      0x29a fbcon.o
                0x0000000000110329                putc
                0x0000000000110475                puts
                0x00000000001104ab                putd
                0x0000000000110547                puth
 .text          0x00000000001105c3      0x219 fb.o
                0x00000000001105c3                fb_init
                0x0000000000110605                set_fg
                0x000000000011063b                set_bg
                0x0000000000110671                draw_px
                0x00000000001106d4                draw_px_fg
                0x0000000000110713                fill_rect
                0x000000000011078d                clear_screen
 .text          0x00000000001107dc        0x0 font.o
 .text          0x00000000001107dc       0xba kbc.o
                0x00000000001107dc                get_kbc_data
                0x0000000000110801                get_keycode
                0x0000000000110820                getc
                0x0000000000110837                do_kbc_interrupt
                0x0000000000110876                kbc_init
 .text          0x0000000000110896       0x97 x86.o
                0x0000000000110896                enable_cpu_intr
                0x000000000011089e                cpu_halt
                0x00000000001108a6                io_read
                0x00000000001108c0                io_write
                0x00000000001108db                gdt_init
 .text          0x000000000011092d      0x10f intr.o
                0x000000000011092d                set_intr_desc
                0x00000000001109db                intr_init
 .text          0x0000000000110a3c      0x129 pic.o
                0x0000000000110a3c                pic_init
                0x0000000000110ad9                enable_pic_intr
                0x0000000000110b35                set_pic_eoi
 .text          0x0000000000110b65      0x141 sched.o
                0x0000000000110b65                do_taskB
                0x0000000000110b93                schedule
                0x0000000000110bee                sched_init
                0x0000000000110c9a                sched_start
 .text          0x0000000000110ca6      0x783 hpet.o
                0x0000000000110ca6                hpet_init
                0x0000000000110dbf                dump_gcidr
                0x0000000000110eb4                dump_gcr
                0x0000000000110f33                dump_mcr
                0x0000000000110f6b                sleep
                0x000000000011105d                do_hpet_interrupt
                0x000000000011112d                alert
                0x000000000011122f                ptimer_setup
                0x0000000000111302                ptimer_start
                0x000000000011139d                ptimer_stop
 .text          0x0000000000111429      0x17f acpi.o
                0x0000000000111429                acpi_init
                0x000000000011145e                dump_sdth_sig
                0x000000000011149c                dump_xsdt
                0x0000000000111534                get_sdt
 .text          0x00000000001115a8       0x44 handler.o
                0x00000000001115a8                default_handler
                0x00000000001115aa                hpet_handler
                0x00000000001115c2                kbc_handler
                0x00000000001115d7                syscall_handler
 .text          0x00000000001115ec      0x187 fs.o
                0x00000000001115ec                fs_init
                0x0000000000111602                open
                0x0000000000111682                get_files
                0x00000000001116e3                add_file
 .text          0x0000000000111773      0x189 common.o
                0x0000000000111773                strcmp
                0x0000000000111808                strncmp
                0x00000000001118ad                memcpy
 .text          0x00000000001118fc       0x1d proc.o
                0x00000000001118fc                exec
 .text          0x0000000000111919      0x202 mem.o
                0x0000000000111919                mem_init
                0x00000000001119df                alloc_pages
                0x0000000000111a3f                dump_memmap
                0x0000000000111ab8                get_allocatable_area
 *(.rodata)
 .rodata        0x0000000000111b1b       0x26 main.o
 *fill*         0x0000000000111b41       0x1f 
 .rodata        0x0000000000111b60     0x1c70 font.o
                0x0000000000111b60                font_bitmap
 *fill*         0x00000000001137d0       0x10 
 .rodata        0x00000000001137e0       0x80 kbc.o
                0x00000000001137e0                keymap
 .rodata        0x0000000000113860       0x18 x86.o
                0x0000000000113860                gdt
 .rodata        0x0000000000113878       0x97 hpet.o
 .rodata        0x000000000011390f        0xd acpi.o
 .rodata        0x000000000011391c        0x8 fs.o
 .rodata        0x0000000000113924       0x28 mem.o
 *(.data)
 .data          0x000000000011394c        0x0 main.o
 .data          0x000000000011394c        0x0 syscall.o
 .data          0x000000000011394c        0x0 iv.o
 .data          0x000000000011394c        0x0 fbcon.o
 .data          0x000000000011394c        0x0 fb.o
 .data          0x000000000011394c        0x0 font.o
 .data          0x000000000011394c        0x0 kbc.o
 .data          0x000000000011394c        0x0 x86.o
 .data          0x000000000011394c        0x0 intr.o
 .data          0x000000000011394c        0x0 pic.o
 .data          0x000000000011394c        0x0 sched.o
 .data          0x000000000011394c        0x0 hpet.o
 .data          0x000000000011394c        0x0 acpi.o
 .data          0x000000000011394c        0x0 handler.o
 .data          0x000000000011394c        0x0 fs.o
 .data          0x000000000011394c        0x0 common.o
 .data          0x000000000011394c        0x0 proc.o
 .data          0x000000000011394c        0x0 mem.o
                0x000000000011394c                __bss_start = .
 *(.bss)
 .bss           0x000000000011394c        0x0 main.o
 .bss           0x000000000011394c        0x0 syscall.o
 *fill*         0x000000000011394c       0x14 
 .bss           0x0000000000113960      0x330 iv.o
                0x0000000000113960                iv_files
                0x0000000000113c80                iv_num_files
                0x0000000000113c88                iv_idx
 .bss           0x0000000000113c90        0x8 fbcon.o
                0x0000000000113c90                cursor_x
                0x0000000000113c94                cursor_y
 *fill*         0x0000000000113c98        0x8 
 .bss           0x0000000000113ca0       0x20 fb.o
                0x0000000000113ca0                fb
                0x0000000000113cb8                color_fg
                0x0000000000113cbc                color_bg
 .bss           0x0000000000113cc0        0x0 font.o
 .bss           0x0000000000113cc0        0x0 kbc.o
 .bss           0x0000000000113cc0       0x10 x86.o
                0x0000000000113cc0                gdtr
 *fill*         0x0000000000113cd0       0x10 
 .bss           0x0000000000113ce0     0x1010 intr.o
                0x0000000000113ce0                idt
                0x0000000000114ce0                idtr
 .bss           0x0000000000114cf0        0x0 pic.o
 *fill*         0x0000000000114cf0       0x10 
 .bss           0x0000000000114d00     0x1020 sched.o
                0x0000000000114d00                task_sp
                0x0000000000114d10                current_task
                0x0000000000114d20                taskB_stack
 .bss           0x0000000000115d20       0x28 hpet.o
                0x0000000000115d20                reg_base
                0x0000000000115d28                counter_clk_period
                0x0000000000115d30                cmpr_clk_counts
                0x0000000000115d38                is_oneshot
                0x0000000000115d40                user_handler
 .bss           0x0000000000115d48       0x10 acpi.o
                0x0000000000115d48                xsdt
                0x0000000000115d50                num_sdts
 .bss           0x0000000000115d58        0x0 handler.o
 .bss           0x0000000000115d58        0x8 fs.o
                0x0000000000115d58                fs_start
 .bss           0x0000000000115d60        0x0 common.o
 .bss           0x0000000000115d60        0x0 proc.o
 .bss           0x0000000000115d60       0x18 mem.o
                0x0000000000115d60                cur_size
                0x0000000000115d68                page_cnt
                0x0000000000115d70                physical_start
                0x0000000000115d78                __bss_end = .
 *(.eh_frame)
 .eh_frame      0x0000000000115d78       0x50 main.o
 .eh_frame      0x0000000000115dc8       0x58 syscall.o
 .eh_frame      0x0000000000115e20       0x78 iv.o
 .eh_frame      0x0000000000115e98       0x98 fbcon.o
 .eh_frame      0x0000000000115f30       0xf8 fb.o
 .eh_frame      0x0000000000116028       0xb8 kbc.o
 .eh_frame      0x00000000001160e0       0xb8 x86.o
 .eh_frame      0x0000000000116198       0x58 intr.o
 .eh_frame      0x00000000001161f0       0x78 pic.o
 .eh_frame      0x0000000000116268       0x98 sched.o
 .eh_frame      0x0000000000116300      0x158 hpet.o
 .eh_frame      0x0000000000116458       0x98 acpi.o
 .eh_frame      0x00000000001164f0       0x98 fs.o
 .eh_frame      0x0000000000116588       0x78 common.o
 .eh_frame      0x0000000000116600       0x38 proc.o
 .eh_frame      0x0000000000116638       0x98 mem.o
LOAD main.o
LOAD syscall.o
LOAD iv.o
LOAD fbcon.o
LOAD fb.o
LOAD font.o
LOAD kbc.o
LOAD x86.o
LOAD intr.o
LOAD pic.o
LOAD sched.o
LOAD hpet.o
LOAD acpi.o
LOAD handler.o
LOAD fs.o
LOAD common.o
LOAD proc.o
LOAD mem.o
OUTPUT(../fs/kernel.bin binary)

.comment        0x0000000000000000      0x143
 .comment       0x0000000000000000       0x13 main.o
 .comment       0x0000000000000013       0x13 syscall.o
 .comment       0x0000000000000026       0x13 iv.o
 .comment       0x0000000000000039       0x13 fbcon.o
 .comment       0x000000000000004c       0x13 fb.o
 .comment       0x000000000000005f       0x13 font.o
 .comment       0x0000000000000072       0x13 kbc.o
 .comment       0x0000000000000085       0x13 x86.o
 .comment       0x0000000000000098       0x13 intr.o
 .comment       0x00000000000000ab       0x13 pic.o
 .comment       0x00000000000000be       0x13 sched.o
 .comment       0x00000000000000d1       0x13 hpet.o
 .comment       0x00000000000000e4       0x13 acpi.o
 .comment       0x00000000000000f7       0x13 fs.o
 .comment       0x000000000000010a       0x13 common.o
 .comment       0x000000000000011d       0x13 proc.o
 .comment       0x0000000000000130       0x13 mem.o
