
There are no discarded input sections

Memory Configuration

Name             Origin             Length             Attributes
exec_file        0x0000000000000000 0x0000000000100000 r
ram              0x0000000000110000 0x00000000000f0000 xw
*default*        0x0000000000000000 0xffffffffffffffff

Linker script and memory map


.header         0x0000000000000000       0x10
                0x0000000000000000        0x8 QUAD 0x112e7c __bss_start
                0x0000000000000008        0x8 QUAD 0x13b4 (__bss_end - __bss_start)

.body           0x0000000000110000     0x48f0 load address 0x0000000000000010
 *(.text)
 .text          0x0000000000110000       0x83 main.o
                0x0000000000110000                start_kernel
 .text          0x0000000000110083       0xf3 iv.o
                0x0000000000110083                view
                0x00000000001100c5                iv_init
                0x00000000001100ec                iv_kbc_handler
 .text          0x0000000000110176      0x29a fbcon.o
                0x0000000000110176                putc
                0x00000000001102c2                puts
                0x00000000001102f8                putd
                0x0000000000110394                puth
 .text          0x0000000000110410      0x219 fb.o
                0x0000000000110410                fb_init
                0x0000000000110452                set_fg
                0x0000000000110488                set_bg
                0x00000000001104be                draw_px
                0x0000000000110521                draw_px_fg
                0x0000000000110560                fill_rect
                0x00000000001105da                clear_screen
 .text          0x0000000000110629        0x0 font.o
 .text          0x0000000000110629       0xba kbc.o
                0x0000000000110629                get_kbc_data
                0x000000000011064e                get_keycode
                0x000000000011066d                getc
                0x0000000000110684                do_kbc_interrupt
                0x00000000001106c3                kbc_init
 .text          0x00000000001106e3       0x97 x86.o
                0x00000000001106e3                enable_cpu_intr
                0x00000000001106eb                cpu_halt
                0x00000000001106f3                io_read
                0x000000000011070d                io_write
                0x0000000000110728                gdt_init
 .text          0x000000000011077a      0x10f intr.o
                0x000000000011077a                set_intr_desc
                0x0000000000110828                intr_init
 .text          0x0000000000110889      0x129 pic.o
                0x0000000000110889                pic_init
                0x0000000000110926                enable_pic_intr
                0x0000000000110982                set_pic_eoi
 .text          0x00000000001109b2      0x2f7 hpet.o
                0x00000000001109b2                hpet_init
                0x0000000000110a0b                dump_gcidr
                0x0000000000110b00                dump_gcr
                0x0000000000110b7f                dump_mcr
                0x0000000000110bb7                sleep
 .text          0x0000000000110ca9      0x17f acpi.o
                0x0000000000110ca9                acpi_init
                0x0000000000110cde                dump_sdth_sig
                0x0000000000110d1c                dump_xsdt
                0x0000000000110db4                get_sdt
 .text          0x0000000000110e28       0x17 handler.o
                0x0000000000110e28                default_handler
                0x0000000000110e2a                kbc_handler
 .text          0x0000000000110e3f       0xd7 fs.o
                0x0000000000110e3f                fs_init
                0x0000000000110e55                open
                0x0000000000110eb5                get_files
 .text          0x0000000000110f16      0x189 common.o
                0x0000000000110f16                strcmp
                0x0000000000110fab                strncmp
                0x0000000000111050                memcpy
 *(.rodata)
 .rodata        0x000000000011109f       0x11 main.o
 *fill*         0x00000000001110b0       0x10 
 .rodata        0x00000000001110c0     0x1c70 font.o
                0x00000000001110c0                font_bitmap
 *fill*         0x0000000000112d30       0x10 
 .rodata        0x0000000000112d40       0x80 kbc.o
                0x0000000000112d40                keymap
 .rodata        0x0000000000112dc0       0x18 x86.o
                0x0000000000112dc0                gdt
 .rodata        0x0000000000112dd8       0x97 hpet.o
 .rodata        0x0000000000112e6f        0xd acpi.o
 *(.data)
 .data          0x0000000000112e7c        0x0 main.o
 .data          0x0000000000112e7c        0x0 iv.o
 .data          0x0000000000112e7c        0x0 fbcon.o
 .data          0x0000000000112e7c        0x0 fb.o
 .data          0x0000000000112e7c        0x0 font.o
 .data          0x0000000000112e7c        0x0 kbc.o
 .data          0x0000000000112e7c        0x0 x86.o
 .data          0x0000000000112e7c        0x0 intr.o
 .data          0x0000000000112e7c        0x0 pic.o
 .data          0x0000000000112e7c        0x0 hpet.o
 .data          0x0000000000112e7c        0x0 acpi.o
 .data          0x0000000000112e7c        0x0 handler.o
 .data          0x0000000000112e7c        0x0 fs.o
 .data          0x0000000000112e7c        0x0 common.o
                0x0000000000112e7c                __bss_start = .
 *(.bss)
 .bss           0x0000000000112e7c        0x0 main.o
 *fill*         0x0000000000112e7c        0x4 
 .bss           0x0000000000112e80      0x330 iv.o
                0x0000000000112e80                iv_files
                0x00000000001131a0                iv_num_files
                0x00000000001131a8                iv_idx
 .bss           0x00000000001131b0        0x8 fbcon.o
                0x00000000001131b0                cursor_x
                0x00000000001131b4                cursor_y
 *fill*         0x00000000001131b8        0x8 
 .bss           0x00000000001131c0       0x20 fb.o
                0x00000000001131c0                fb
                0x00000000001131d8                color_fg
                0x00000000001131dc                color_bg
 .bss           0x00000000001131e0        0x0 font.o
 .bss           0x00000000001131e0        0x0 kbc.o
 .bss           0x00000000001131e0       0x10 x86.o
                0x00000000001131e0                gdtr
 *fill*         0x00000000001131f0       0x10 
 .bss           0x0000000000113200     0x1010 intr.o
                0x0000000000113200                idt
                0x0000000000114200                idtr
 .bss           0x0000000000114210        0x0 pic.o
 .bss           0x0000000000114210        0x8 hpet.o
                0x0000000000114210                reg_base
 .bss           0x0000000000114218       0x10 acpi.o
                0x0000000000114218                xsdt
                0x0000000000114220                num_sdts
 .bss           0x0000000000114228        0x0 handler.o
 .bss           0x0000000000114228        0x8 fs.o
                0x0000000000114228                fs_start
 .bss           0x0000000000114230        0x0 common.o
                0x0000000000114230                __bss_end = .
 *(.eh_frame)
 .eh_frame      0x0000000000114230       0x38 main.o
 .eh_frame      0x0000000000114268       0x78 iv.o
 .eh_frame      0x00000000001142e0       0x98 fbcon.o
 .eh_frame      0x0000000000114378       0xf8 fb.o
 .eh_frame      0x0000000000114470       0xb8 kbc.o
 .eh_frame      0x0000000000114528       0xb8 x86.o
 .eh_frame      0x00000000001145e0       0x58 intr.o
 .eh_frame      0x0000000000114638       0x78 pic.o
 .eh_frame      0x00000000001146b0       0xb8 hpet.o
 .eh_frame      0x0000000000114768       0x98 acpi.o
 .eh_frame      0x0000000000114800       0x78 fs.o
 .eh_frame      0x0000000000114878       0x78 common.o
LOAD main.o
LOAD iv.o
LOAD fbcon.o
LOAD fb.o
LOAD font.o
LOAD kbc.o
LOAD x86.o
LOAD intr.o
LOAD pic.o
LOAD hpet.o
LOAD acpi.o
LOAD handler.o
LOAD fs.o
LOAD common.o
OUTPUT(../fs/kernel.bin binary)

.comment        0x0000000000000000       0xf7
 .comment       0x0000000000000000       0x13 main.o
 .comment       0x0000000000000013       0x13 iv.o
 .comment       0x0000000000000026       0x13 fbcon.o
 .comment       0x0000000000000039       0x13 fb.o
 .comment       0x000000000000004c       0x13 font.o
 .comment       0x000000000000005f       0x13 kbc.o
 .comment       0x0000000000000072       0x13 x86.o
 .comment       0x0000000000000085       0x13 intr.o
 .comment       0x0000000000000098       0x13 pic.o
 .comment       0x00000000000000ab       0x13 hpet.o
 .comment       0x00000000000000be       0x13 acpi.o
 .comment       0x00000000000000d1       0x13 fs.o
 .comment       0x00000000000000e4       0x13 common.o
