
There are no discarded input sections

Memory Configuration

Name             Origin             Length             Attributes
exec_file        0x0000000000000000 0x0000000000100000 r
ram              0x0000000000110000 0x00000000000f0000 xw
*default*        0x0000000000000000 0xffffffffffffffff

Linker script and memory map


.header         0x0000000000000000       0x10
                0x0000000000000000        0x8 QUAD 0x113844 __bss_start
                0x0000000000000008        0x8 QUAD 0x2434 (__bss_end - __bss_start)

.body           0x0000000000110000     0x65d0 load address 0x0000000000000010
 *(.text)
 .text          0x0000000000110000      0x113 main.o
                0x0000000000110000                start_kernel
                0x00000000001100e5                do_taskA
 .text          0x0000000000110113       0x9f syscall.o
                0x0000000000110113                do_syscall_interrupt
                0x0000000000110192                syscall_init
 .text          0x00000000001101b2       0xf3 iv.o
                0x00000000001101b2                view
                0x00000000001101f4                iv_init
                0x000000000011021b                iv_kbc_handler
 .text          0x00000000001102a5      0x29a fbcon.o
                0x00000000001102a5                putc
                0x00000000001103f1                puts
                0x0000000000110427                putd
                0x00000000001104c3                puth
 .text          0x000000000011053f      0x219 fb.o
                0x000000000011053f                fb_init
                0x0000000000110581                set_fg
                0x00000000001105b7                set_bg
                0x00000000001105ed                draw_px
                0x0000000000110650                draw_px_fg
                0x000000000011068f                fill_rect
                0x0000000000110709                clear_screen
 .text          0x0000000000110758        0x0 font.o
 .text          0x0000000000110758       0xba kbc.o
                0x0000000000110758                get_kbc_data
                0x000000000011077d                get_keycode
                0x000000000011079c                getc
                0x00000000001107b3                do_kbc_interrupt
                0x00000000001107f2                kbc_init
 .text          0x0000000000110812       0x97 x86.o
                0x0000000000110812                enable_cpu_intr
                0x000000000011081a                cpu_halt
                0x0000000000110822                io_read
                0x000000000011083c                io_write
                0x0000000000110857                gdt_init
 .text          0x00000000001108a9      0x10f intr.o
                0x00000000001108a9                set_intr_desc
                0x0000000000110957                intr_init
 .text          0x00000000001109b8      0x129 pic.o
                0x00000000001109b8                pic_init
                0x0000000000110a55                enable_pic_intr
                0x0000000000110ab1                set_pic_eoi
 .text          0x0000000000110ae1      0x141 sched.o
                0x0000000000110ae1                do_taskB
                0x0000000000110b0f                schedule
                0x0000000000110b6a                sched_init
                0x0000000000110c16                sched_start
 .text          0x0000000000110c22      0x783 hpet.o
                0x0000000000110c22                hpet_init
                0x0000000000110d3b                dump_gcidr
                0x0000000000110e30                dump_gcr
                0x0000000000110eaf                dump_mcr
                0x0000000000110ee7                sleep
                0x0000000000110fd9                do_hpet_interrupt
                0x00000000001110a9                alert
                0x00000000001111ab                ptimer_setup
                0x000000000011127e                ptimer_start
                0x0000000000111319                ptimer_stop
 .text          0x00000000001113a5      0x17f acpi.o
                0x00000000001113a5                acpi_init
                0x00000000001113da                dump_sdth_sig
                0x0000000000111418                dump_xsdt
                0x00000000001114b0                get_sdt
 .text          0x0000000000111524       0x44 handler.o
                0x0000000000111524                default_handler
                0x0000000000111526                hpet_handler
                0x000000000011153e                kbc_handler
                0x0000000000111553                syscall_handler
 .text          0x0000000000111568      0x13c fs.o
                0x0000000000111568                fs_init
                0x000000000011157e                open
                0x00000000001115de                get_files
                0x000000000011163f                add_file
 .text          0x00000000001116a4      0x189 common.o
                0x00000000001116a4                strcmp
                0x0000000000111739                strncmp
                0x00000000001117de                memcpy
 .text          0x000000000011182d       0x1d proc.o
                0x000000000011182d                exec
 .text          0x000000000011184a      0x202 mem.o
                0x000000000011184a                mem_init
                0x0000000000111910                alloc_pages
                0x0000000000111970                dump_memmap
                0x00000000001119e9                get_allocatable_area
 *(.rodata)
 .rodata        0x0000000000111a4c        0xe main.o
 *fill*         0x0000000000111a5a        0x6 
 .rodata        0x0000000000111a60     0x1c70 font.o
                0x0000000000111a60                font_bitmap
 *fill*         0x00000000001136d0       0x10 
 .rodata        0x00000000001136e0       0x80 kbc.o
                0x00000000001136e0                keymap
 .rodata        0x0000000000113760       0x18 x86.o
                0x0000000000113760                gdt
 .rodata        0x0000000000113778       0x97 hpet.o
 .rodata        0x000000000011380f        0xd acpi.o
 .rodata        0x000000000011381c       0x28 mem.o
 *(.data)
 .data          0x0000000000113844        0x0 main.o
 .data          0x0000000000113844        0x0 syscall.o
 .data          0x0000000000113844        0x0 iv.o
 .data          0x0000000000113844        0x0 fbcon.o
 .data          0x0000000000113844        0x0 fb.o
 .data          0x0000000000113844        0x0 font.o
 .data          0x0000000000113844        0x0 kbc.o
 .data          0x0000000000113844        0x0 x86.o
 .data          0x0000000000113844        0x0 intr.o
 .data          0x0000000000113844        0x0 pic.o
 .data          0x0000000000113844        0x0 sched.o
 .data          0x0000000000113844        0x0 hpet.o
 .data          0x0000000000113844        0x0 acpi.o
 .data          0x0000000000113844        0x0 handler.o
 .data          0x0000000000113844        0x0 fs.o
 .data          0x0000000000113844        0x0 common.o
 .data          0x0000000000113844        0x0 proc.o
 .data          0x0000000000113844        0x0 mem.o
                0x0000000000113844                __bss_start = .
 *(.bss)
 .bss           0x0000000000113844        0x0 main.o
 .bss           0x0000000000113844        0x0 syscall.o
 *fill*         0x0000000000113844       0x1c 
 .bss           0x0000000000113860      0x330 iv.o
                0x0000000000113860                iv_files
                0x0000000000113b80                iv_num_files
                0x0000000000113b88                iv_idx
 .bss           0x0000000000113b90        0x8 fbcon.o
                0x0000000000113b90                cursor_x
                0x0000000000113b94                cursor_y
 *fill*         0x0000000000113b98        0x8 
 .bss           0x0000000000113ba0       0x20 fb.o
                0x0000000000113ba0                fb
                0x0000000000113bb8                color_fg
                0x0000000000113bbc                color_bg
 .bss           0x0000000000113bc0        0x0 font.o
 .bss           0x0000000000113bc0        0x0 kbc.o
 .bss           0x0000000000113bc0       0x10 x86.o
                0x0000000000113bc0                gdtr
 *fill*         0x0000000000113bd0       0x10 
 .bss           0x0000000000113be0     0x1010 intr.o
                0x0000000000113be0                idt
                0x0000000000114be0                idtr
 .bss           0x0000000000114bf0        0x0 pic.o
 *fill*         0x0000000000114bf0       0x10 
 .bss           0x0000000000114c00     0x1020 sched.o
                0x0000000000114c00                task_sp
                0x0000000000114c10                current_task
                0x0000000000114c20                taskB_stack
 .bss           0x0000000000115c20       0x28 hpet.o
                0x0000000000115c20                reg_base
                0x0000000000115c28                counter_clk_period
                0x0000000000115c30                cmpr_clk_counts
                0x0000000000115c38                is_oneshot
                0x0000000000115c40                user_handler
 .bss           0x0000000000115c48       0x10 acpi.o
                0x0000000000115c48                xsdt
                0x0000000000115c50                num_sdts
 .bss           0x0000000000115c58        0x0 handler.o
 .bss           0x0000000000115c58        0x8 fs.o
                0x0000000000115c58                fs_start
 .bss           0x0000000000115c60        0x0 common.o
 .bss           0x0000000000115c60        0x0 proc.o
 .bss           0x0000000000115c60       0x18 mem.o
                0x0000000000115c60                cur_size
                0x0000000000115c68                page_cnt
                0x0000000000115c70                physical_start
                0x0000000000115c78                __bss_end = .
 *(.eh_frame)
 .eh_frame      0x0000000000115c78       0x50 main.o
 .eh_frame      0x0000000000115cc8       0x58 syscall.o
 .eh_frame      0x0000000000115d20       0x78 iv.o
 .eh_frame      0x0000000000115d98       0x98 fbcon.o
 .eh_frame      0x0000000000115e30       0xf8 fb.o
 .eh_frame      0x0000000000115f28       0xb8 kbc.o
 .eh_frame      0x0000000000115fe0       0xb8 x86.o
 .eh_frame      0x0000000000116098       0x58 intr.o
 .eh_frame      0x00000000001160f0       0x78 pic.o
 .eh_frame      0x0000000000116168       0x98 sched.o
 .eh_frame      0x0000000000116200      0x158 hpet.o
 .eh_frame      0x0000000000116358       0x98 acpi.o
 .eh_frame      0x00000000001163f0       0x98 fs.o
 .eh_frame      0x0000000000116488       0x78 common.o
 .eh_frame      0x0000000000116500       0x38 proc.o
 .eh_frame      0x0000000000116538       0x98 mem.o
LOAD main.o
LOAD syscall.o
LOAD iv.o
LOAD fbcon.o
LOAD fb.o
LOAD font.o
LOAD kbc.o
LOAD x86.o
LOAD intr.o
LOAD pic.o
LOAD sched.o
LOAD hpet.o
LOAD acpi.o
LOAD handler.o
LOAD fs.o
LOAD common.o
LOAD proc.o
LOAD mem.o
OUTPUT(../fs/kernel.bin binary)

.comment        0x0000000000000000      0x143
 .comment       0x0000000000000000       0x13 main.o
 .comment       0x0000000000000013       0x13 syscall.o
 .comment       0x0000000000000026       0x13 iv.o
 .comment       0x0000000000000039       0x13 fbcon.o
 .comment       0x000000000000004c       0x13 fb.o
 .comment       0x000000000000005f       0x13 font.o
 .comment       0x0000000000000072       0x13 kbc.o
 .comment       0x0000000000000085       0x13 x86.o
 .comment       0x0000000000000098       0x13 intr.o
 .comment       0x00000000000000ab       0x13 pic.o
 .comment       0x00000000000000be       0x13 sched.o
 .comment       0x00000000000000d1       0x13 hpet.o
 .comment       0x00000000000000e4       0x13 acpi.o
 .comment       0x00000000000000f7       0x13 fs.o
 .comment       0x000000000000010a       0x13 common.o
 .comment       0x000000000000011d       0x13 proc.o
 .comment       0x0000000000000130       0x13 mem.o
