
There are no discarded input sections

Memory Configuration

Name             Origin             Length             Attributes
exec_file        0x0000000000000000 0x0000000000100000 r
ram              0x0000000000110000 0x00000000000f0000 xw
*default*        0x0000000000000000 0xffffffffffffffff

Linker script and memory map


.header         0x0000000000000000       0x10
                0x0000000000000000        0x8 QUAD 0x11359c __bss_start
                0x0000000000000008        0x8 QUAD 0x2404 (__bss_end - __bss_start)

.body           0x0000000000110000     0x6240 load address 0x0000000000000010
 *(.text)
 .text          0x0000000000110000       0xce main.o
                0x0000000000110000                start_kernel
                0x00000000001100a0                do_taskA
 .text          0x00000000001100ce       0xc2 syscall.o
                0x00000000001100ce                do_syscall_interrupt
                0x0000000000110170                syscall_init
 .text          0x0000000000110190       0xf3 iv.o
                0x0000000000110190                view
                0x00000000001101d2                iv_init
                0x00000000001101f9                iv_kbc_handler
 .text          0x0000000000110283      0x29a fbcon.o
                0x0000000000110283                putc
                0x00000000001103cf                puts
                0x0000000000110405                putd
                0x00000000001104a1                puth
 .text          0x000000000011051d      0x219 fb.o
                0x000000000011051d                fb_init
                0x000000000011055f                set_fg
                0x0000000000110595                set_bg
                0x00000000001105cb                draw_px
                0x000000000011062e                draw_px_fg
                0x000000000011066d                fill_rect
                0x00000000001106e7                clear_screen
 .text          0x0000000000110736        0x0 font.o
 .text          0x0000000000110736       0xba kbc.o
                0x0000000000110736                get_kbc_data
                0x000000000011075b                get_keycode
                0x000000000011077a                getc
                0x0000000000110791                do_kbc_interrupt
                0x00000000001107d0                kbc_init
 .text          0x00000000001107f0       0x97 x86.o
                0x00000000001107f0                enable_cpu_intr
                0x00000000001107f8                cpu_halt
                0x0000000000110800                io_read
                0x000000000011081a                io_write
                0x0000000000110835                gdt_init
 .text          0x0000000000110887      0x10f intr.o
                0x0000000000110887                set_intr_desc
                0x0000000000110935                intr_init
 .text          0x0000000000110996      0x129 pic.o
                0x0000000000110996                pic_init
                0x0000000000110a33                enable_pic_intr
                0x0000000000110a8f                set_pic_eoi
 .text          0x0000000000110abf      0x141 sched.o
                0x0000000000110abf                do_taskB
                0x0000000000110aed                schedule
                0x0000000000110b48                sched_init
                0x0000000000110bf4                sched_start
 .text          0x0000000000110c00      0x783 hpet.o
                0x0000000000110c00                hpet_init
                0x0000000000110d19                dump_gcidr
                0x0000000000110e0e                dump_gcr
                0x0000000000110e8d                dump_mcr
                0x0000000000110ec5                sleep
                0x0000000000110fb7                do_hpet_interrupt
                0x0000000000111087                alert
                0x0000000000111189                ptimer_setup
                0x000000000011125c                ptimer_start
                0x00000000001112f7                ptimer_stop
 .text          0x0000000000111383      0x17f acpi.o
                0x0000000000111383                acpi_init
                0x00000000001113b8                dump_sdth_sig
                0x00000000001113f6                dump_xsdt
                0x000000000011148e                get_sdt
 .text          0x0000000000111502       0x44 handler.o
                0x0000000000111502                default_handler
                0x0000000000111504                hpet_handler
                0x000000000011151c                kbc_handler
                0x0000000000111531                syscall_handler
 .text          0x0000000000111546       0xd7 fs.o
                0x0000000000111546                fs_init
                0x000000000011155c                open
                0x00000000001115bc                get_files
 .text          0x000000000011161d      0x189 common.o
                0x000000000011161d                strcmp
                0x00000000001116b2                strncmp
                0x0000000000111757                memcpy
 .text          0x00000000001117a6       0x1d proc.o
                0x00000000001117a6                exec
 *(.rodata)
 .rodata        0x00000000001117c3        0x5 main.o
 .rodata        0x00000000001117c8        0x3 syscall.o
 *fill*         0x00000000001117cb       0x15 
 .rodata        0x00000000001117e0     0x1c70 font.o
                0x00000000001117e0                font_bitmap
 *fill*         0x0000000000113450       0x10 
 .rodata        0x0000000000113460       0x80 kbc.o
                0x0000000000113460                keymap
 .rodata        0x00000000001134e0       0x18 x86.o
                0x00000000001134e0                gdt
 .rodata        0x00000000001134f8       0x97 hpet.o
 .rodata        0x000000000011358f        0xd acpi.o
 *(.data)
 .data          0x000000000011359c        0x0 main.o
 .data          0x000000000011359c        0x0 syscall.o
 .data          0x000000000011359c        0x0 iv.o
 .data          0x000000000011359c        0x0 fbcon.o
 .data          0x000000000011359c        0x0 fb.o
 .data          0x000000000011359c        0x0 font.o
 .data          0x000000000011359c        0x0 kbc.o
 .data          0x000000000011359c        0x0 x86.o
 .data          0x000000000011359c        0x0 intr.o
 .data          0x000000000011359c        0x0 pic.o
 .data          0x000000000011359c        0x0 sched.o
 .data          0x000000000011359c        0x0 hpet.o
 .data          0x000000000011359c        0x0 acpi.o
 .data          0x000000000011359c        0x0 handler.o
 .data          0x000000000011359c        0x0 fs.o
 .data          0x000000000011359c        0x0 common.o
 .data          0x000000000011359c        0x0 proc.o
                0x000000000011359c                __bss_start = .
 *(.bss)
 .bss           0x000000000011359c        0x0 main.o
 .bss           0x000000000011359c        0x0 syscall.o
 *fill*         0x000000000011359c        0x4 
 .bss           0x00000000001135a0      0x330 iv.o
                0x00000000001135a0                iv_files
                0x00000000001138c0                iv_num_files
                0x00000000001138c8                iv_idx
 .bss           0x00000000001138d0        0x8 fbcon.o
                0x00000000001138d0                cursor_x
                0x00000000001138d4                cursor_y
 *fill*         0x00000000001138d8        0x8 
 .bss           0x00000000001138e0       0x20 fb.o
                0x00000000001138e0                fb
                0x00000000001138f8                color_fg
                0x00000000001138fc                color_bg
 .bss           0x0000000000113900        0x0 font.o
 .bss           0x0000000000113900        0x0 kbc.o
 .bss           0x0000000000113900       0x10 x86.o
                0x0000000000113900                gdtr
 *fill*         0x0000000000113910       0x10 
 .bss           0x0000000000113920     0x1010 intr.o
                0x0000000000113920                idt
                0x0000000000114920                idtr
 .bss           0x0000000000114930        0x0 pic.o
 *fill*         0x0000000000114930       0x10 
 .bss           0x0000000000114940     0x1020 sched.o
                0x0000000000114940                task_sp
                0x0000000000114950                current_task
                0x0000000000114960                taskB_stack
 .bss           0x0000000000115960       0x28 hpet.o
                0x0000000000115960                reg_base
                0x0000000000115968                counter_clk_period
                0x0000000000115970                cmpr_clk_counts
                0x0000000000115978                is_oneshot
                0x0000000000115980                user_handler
 .bss           0x0000000000115988       0x10 acpi.o
                0x0000000000115988                xsdt
                0x0000000000115990                num_sdts
 .bss           0x0000000000115998        0x0 handler.o
 .bss           0x0000000000115998        0x8 fs.o
                0x0000000000115998                fs_start
 .bss           0x00000000001159a0        0x0 common.o
 .bss           0x00000000001159a0        0x0 proc.o
                0x00000000001159a0                __bss_end = .
 *(.eh_frame)
 .eh_frame      0x00000000001159a0       0x50 main.o
 .eh_frame      0x00000000001159f0       0x58 syscall.o
 .eh_frame      0x0000000000115a48       0x78 iv.o
 .eh_frame      0x0000000000115ac0       0x98 fbcon.o
 .eh_frame      0x0000000000115b58       0xf8 fb.o
 .eh_frame      0x0000000000115c50       0xb8 kbc.o
 .eh_frame      0x0000000000115d08       0xb8 x86.o
 .eh_frame      0x0000000000115dc0       0x58 intr.o
 .eh_frame      0x0000000000115e18       0x78 pic.o
 .eh_frame      0x0000000000115e90       0x98 sched.o
 .eh_frame      0x0000000000115f28      0x158 hpet.o
 .eh_frame      0x0000000000116080       0x98 acpi.o
 .eh_frame      0x0000000000116118       0x78 fs.o
 .eh_frame      0x0000000000116190       0x78 common.o
 .eh_frame      0x0000000000116208       0x38 proc.o
LOAD main.o
LOAD syscall.o
LOAD iv.o
LOAD fbcon.o
LOAD fb.o
LOAD font.o
LOAD kbc.o
LOAD x86.o
LOAD intr.o
LOAD pic.o
LOAD sched.o
LOAD hpet.o
LOAD acpi.o
LOAD handler.o
LOAD fs.o
LOAD common.o
LOAD proc.o
OUTPUT(../fs/kernel.bin binary)

.comment        0x0000000000000000      0x130
 .comment       0x0000000000000000       0x13 main.o
 .comment       0x0000000000000013       0x13 syscall.o
 .comment       0x0000000000000026       0x13 iv.o
 .comment       0x0000000000000039       0x13 fbcon.o
 .comment       0x000000000000004c       0x13 fb.o
 .comment       0x000000000000005f       0x13 font.o
 .comment       0x0000000000000072       0x13 kbc.o
 .comment       0x0000000000000085       0x13 x86.o
 .comment       0x0000000000000098       0x13 intr.o
 .comment       0x00000000000000ab       0x13 pic.o
 .comment       0x00000000000000be       0x13 sched.o
 .comment       0x00000000000000d1       0x13 hpet.o
 .comment       0x00000000000000e4       0x13 acpi.o
 .comment       0x00000000000000f7       0x13 fs.o
 .comment       0x000000000000010a       0x13 common.o
 .comment       0x000000000000011d       0x13 proc.o
